2026-03-31 11:51:44 INFO  [main] [] c.c.platform.MicroserviceApplication - Starting MicroserviceApplication using Java 17.0.17 with PID 20756 (C:\Users\vineela.shaik\Downloads\microservice-template\microservice-template\target\classes started by vineela.shaik in C:\Users\vineela.shaik\Downloads\microservice-template)
2026-03-31 11:51:44 DEBUG [main] [] c.c.platform.MicroserviceApplication - Running with Spring Boot v3.2.5, Spring v6.1.6
2026-03-31 11:51:44 INFO  [main] [] c.c.platform.MicroserviceApplication - The following 1 profile is active: "dev"
2026-03-31 11:51:46 DEBUG [main] [] o.s.w.f.ServerHttpObservationFilter - Filter 'webMvcObservationFilter' configured for use
2026-03-31 11:51:46 DEBUG [main] [] c.c.platform.logging.LoggingFilter - Filter 'loggingFilter' configured for use
2026-03-31 11:51:47 DEBUG [main] [] o.s.w.s.m.m.a.RequestMappingHandlerMapping - 4 mappings in 'requestMappingHandlerMapping'
2026-03-31 11:51:47 DEBUG [main] [] o.s.w.s.h.SimpleUrlHandlerMapping - Patterns [/webjars/**, /**] in 'resourceHandlerMapping'
2026-03-31 11:51:47 DEBUG [main] [] o.s.w.s.m.m.a.RequestMappingHandlerAdapter - ControllerAdvice beans: 0 @ModelAttribute, 0 @InitBinder, 1 RequestBodyAdvice, 1 ResponseBodyAdvice
2026-03-31 11:51:47 DEBUG [main] [] o.s.w.s.m.m.a.ExceptionHandlerExceptionResolver - ControllerAdvice beans: 1 @ExceptionHandler, 1 ResponseBodyAdvice
2026-03-31 11:51:48 WARN  [main] [] o.s.b.w.s.c.AnnotationConfigServletWebServerApplicationContext - Exception encountered during context initialization - cancelling refresh attempt: org.springframework.context.ApplicationContextException: Failed to start bean 'webServerStartStop'
2026-03-31 11:51:48 ERROR [main] [] o.s.b.d.LoggingFailureAnalysisReporter - 

***************************
APPLICATION FAILED TO START
***************************

Description:

Web server failed to start. Port 8080 was already in use.

Action:

Identify and stop the process that's listening on port 8080 or configure this application to listen on another port.

2026-03-31 11:52:37 INFO  [main] [] c.c.platform.MicroserviceApplication - Starting MicroserviceApplication using Java 17.0.17 with PID 20324 (C:\Users\vineela.shaik\Downloads\microservice-template\microservice-template\target\classes started by vineela.shaik in C:\Users\vineela.shaik\Downloads\microservice-template)
2026-03-31 11:52:37 DEBUG [main] [] c.c.platform.MicroserviceApplication - Running with Spring Boot v3.2.5, Spring v6.1.6
2026-03-31 11:52:37 INFO  [main] [] c.c.platform.MicroserviceApplication - The following 1 profile is active: "dev"
2026-03-31 11:52:39 DEBUG [main] [] o.s.w.f.ServerHttpObservationFilter - Filter 'webMvcObservationFilter' configured for use
2026-03-31 11:52:39 DEBUG [main] [] c.c.platform.logging.LoggingFilter - Filter 'loggingFilter' configured for use
2026-03-31 11:52:40 DEBUG [main] [] o.s.w.s.m.m.a.RequestMappingHandlerMapping - 4 mappings in 'requestMappingHandlerMapping'
2026-03-31 11:52:40 DEBUG [main] [] o.s.w.s.h.SimpleUrlHandlerMapping - Patterns [/webjars/**, /**] in 'resourceHandlerMapping'
2026-03-31 11:52:40 DEBUG [main] [] o.s.w.s.m.m.a.RequestMappingHandlerAdapter - ControllerAdvice beans: 0 @ModelAttribute, 0 @InitBinder, 1 RequestBodyAdvice, 1 ResponseBodyAdvice
2026-03-31 11:52:40 DEBUG [main] [] o.s.w.s.m.m.a.ExceptionHandlerExceptionResolver - ControllerAdvice beans: 1 @ExceptionHandler, 1 ResponseBodyAdvice
2026-03-31 11:52:41 INFO  [main] [] c.c.platform.MicroserviceApplication - Started MicroserviceApplication in 4.096 seconds (process running for 4.902)
