2026-01-29 15:03:43 INFO  [main] [] c.c.platform.MicroserviceApplication - Starting MicroserviceApplication using Java 17.0.17 with PID 23656 (C:\Users\vineela.shaik\Downloads\microservice-template\microservice-template\target\classes started by vineela.shaik in C:\Users\vineela.shaik\Downloads\microservice-template\microservice-template)
2026-01-29 15:03:43 DEBUG [main] [] c.c.platform.MicroserviceApplication - Running with Spring Boot v3.2.5, Spring v6.1.6
2026-01-29 15:03:43 INFO  [main] [] c.c.platform.MicroserviceApplication - The following 1 profile is active: "dev"
2026-01-29 15:03:47 DEBUG [main] [] o.s.w.f.ServerHttpObservationFilter - Filter 'webMvcObservationFilter' configured for use
2026-01-29 15:03:47 DEBUG [main] [] c.c.platform.logging.LoggingFilter - Filter 'loggingFilter' configured for use
2026-01-29 15:03:48 DEBUG [main] [] o.s.w.s.m.m.a.RequestMappingHandlerMapping - 4 mappings in 'requestMappingHandlerMapping'
2026-01-29 15:03:48 DEBUG [main] [] o.s.w.s.h.SimpleUrlHandlerMapping - Patterns [/webjars/**, /**] in 'resourceHandlerMapping'
2026-01-29 15:03:48 DEBUG [main] [] o.s.w.s.m.m.a.RequestMappingHandlerAdapter - ControllerAdvice beans: 0 @ModelAttribute, 0 @InitBinder, 1 RequestBodyAdvice, 1 ResponseBodyAdvice
2026-01-29 15:03:48 DEBUG [main] [] o.s.w.s.m.m.a.ExceptionHandlerExceptionResolver - ControllerAdvice beans: 1 @ExceptionHandler, 1 ResponseBodyAdvice
2026-01-29 15:03:49 INFO  [main] [] c.c.platform.MicroserviceApplication - Started MicroserviceApplication in 7.808 seconds (process running for 8.81)
2026-01-29 15:09:03 INFO  [http-nio-8080-exec-1] [] o.s.web.servlet.DispatcherServlet - Initializing Servlet 'dispatcherServlet'
2026-01-29 15:09:03 DEBUG [http-nio-8080-exec-1] [] o.s.web.servlet.DispatcherServlet - Detected StandardServletMultipartResolver
2026-01-29 15:09:03 DEBUG [http-nio-8080-exec-1] [] o.s.web.servlet.DispatcherServlet - Detected AcceptHeaderLocaleResolver
2026-01-29 15:09:03 DEBUG [http-nio-8080-exec-1] [] o.s.web.servlet.DispatcherServlet - Detected FixedThemeResolver
2026-01-29 15:09:03 DEBUG [http-nio-8080-exec-1] [] o.s.web.servlet.DispatcherServlet - Detected org.springframework.web.servlet.view.DefaultRequestToViewNameTranslator@17df689e
2026-01-29 15:09:03 DEBUG [http-nio-8080-exec-1] [] o.s.web.servlet.DispatcherServlet - Detected org.springframework.web.servlet.support.SessionFlashMapManager@4768b95c
2026-01-29 15:09:03 DEBUG [http-nio-8080-exec-1] [] o.s.web.servlet.DispatcherServlet - enableLoggingRequestDetails='false': request parameters and headers will be masked to prevent unsafe logging of potentially sensitive data
2026-01-29 15:09:03 INFO  [http-nio-8080-exec-1] [] o.s.web.servlet.DispatcherServlet - Completed initialization in 102 ms
2026-01-29 15:09:04 DEBUG [http-nio-8080-exec-1] [bf533dbd-e7c9-4294-a34a-c976aa995525] o.s.web.servlet.DispatcherServlet - GET "/api/test", parameters={}
2026-01-29 15:09:04 DEBUG [http-nio-8080-exec-1] [bf533dbd-e7c9-4294-a34a-c976aa995525] o.s.w.s.m.m.a.RequestMappingHandlerMapping - Mapped to com.company.platform.controller.TestController#test()
2026-01-29 15:09:04 INFO  [http-nio-8080-exec-1] [bf533dbd-e7c9-4294-a34a-c976aa995525] c.c.p.controller.TestController - Test API called
2026-01-29 15:09:04 DEBUG [http-nio-8080-exec-1] [bf533dbd-e7c9-4294-a34a-c976aa995525] o.s.w.s.m.m.a.RequestResponseBodyMethodProcessor - Using 'text/plain', given [*/*] and supported [text/plain, */*, application/json, application/*+json]
2026-01-29 15:09:04 DEBUG [http-nio-8080-exec-1] [bf533dbd-e7c9-4294-a34a-c976aa995525] o.s.w.s.m.m.a.RequestResponseBodyMethodProcessor - Writing ["JWT OK"]
2026-01-29 15:09:04 DEBUG [http-nio-8080-exec-1] [bf533dbd-e7c9-4294-a34a-c976aa995525] o.s.web.servlet.DispatcherServlet - Completed 200 OK
